&&&& RUNNING TensorRT.trtexec [TensorRT v101302] [b6] # /usr/src/tensorrt/bin/trtexec --onnx=work/megaloc_tensorrt_20260917/megaloc_fp32.onnx --saveEngine=work/megaloc_tensorrt_20260917/megaloc_fp32.plan --noTF32 --memPoolSize=workspace:2048 --skipInference
[09/17/2026-17:05:08] [I] TF32 is enabled by default. Add --noTF32 flag to further improve accuracy with some performance cost.
[09/17/2026-17:05:08] [I] === Model Options ===
[09/17/2026-17:05:08] [I] Format: ONNX
[09/17/2026-17:05:08] [I] Model: work/megaloc_tensorrt_20260917/megaloc_fp32.onnx
[09/17/2026-17:05:08] [I] Output:
[09/17/2026-17:05:08] [I] === Build Options ===
[09/17/2026-17:05:08] [I] Memory Pools: workspace: 2048 MiB, dlaSRAM: default, dlaLocalDRAM: default, dlaGlobalDRAM: default, tacticSharedMem: default
[09/17/2026-17:05:08] [I] avgTiming: 8
[09/17/2026-17:05:08] [I] Precision: FP32
[09/17/2026-17:05:08] [I] LayerPrecisions:
[09/17/2026-17:05:08] [I] Layer Device Types:
[09/17/2026-17:05:08] [I] Calibration:
[09/17/2026-17:05:08] [I] Refit: Disabled
[09/17/2026-17:05:08] [I] Strip weights: Disabled
[09/17/2026-17:05:08] [I] Version Compatible: Disabled
[09/17/2026-17:05:08] [I] ONNX Plugin InstanceNorm: Disabled
[09/17/2026-17:05:08] [I] ONNX kENABLE_UINT8_AND_ASYMMETRIC_QUANTIZATION_DLA flag: Disabled
[09/17/2026-17:05:08] [I] TensorRT runtime: full
[09/17/2026-17:05:08] [I] Lean DLL Path:
[09/17/2026-17:05:08] [I] Tempfile Controls: { in_memory: allow, temporary: allow }
[09/17/2026-17:05:08] [I] Exclude Lean Runtime: Disabled
[09/17/2026-17:05:08] [I] Sparsity: Disabled
[09/17/2026-17:05:08] [I] Safe mode: Disabled
[09/17/2026-17:05:08] [I] Build DLA standalone loadable: Disabled
[09/17/2026-17:05:08] [I] Allow GPU fallback for DLA: Disabled
[09/17/2026-17:05:08] [I] DirectIO mode: Disabled
[09/17/2026-17:05:08] [I] Restricted mode: Disabled
[09/17/2026-17:05:08] [I] Skip inference: Enabled
[09/17/2026-17:05:08] [I] Save engine: work/megaloc_tensorrt_20260917/megaloc_fp32.plan
[09/17/2026-17:05:08] [I] Load engine:
[09/17/2026-17:05:08] [I] Profiling verbosity: 0
[09/17/2026-17:05:08] [I] Tactic sources: Using default tactic sources
[09/17/2026-17:05:08] [I] timingCacheMode: local
[09/17/2026-17:05:08] [I] timingCacheFile:
[09/17/2026-17:05:08] [I] Enable Compilation Cache: Enabled
[09/17/2026-17:05:08] [I] Enable Monitor Memory: Disabled
[09/17/2026-17:05:08] [I] errorOnTimingCacheMiss: Disabled
[09/17/2026-17:05:08] [I] Preview Features: Use default preview flags.
[09/17/2026-17:05:08] [I] MaxAuxStreams: -1
[09/17/2026-17:05:08] [I] BuilderOptimizationLevel: -1
[09/17/2026-17:05:08] [I] MaxTactics: -1
[09/17/2026-17:05:08] [I] Calibration Profile Index: 0
[09/17/2026-17:05:08] [I] Weight Streaming: Disabled
[09/17/2026-17:05:08] [I] Runtime Platform: Same As Build
[09/17/2026-17:05:08] [I] Debug Tensors:
[09/17/2026-17:05:08] [I] Distributive Independence: Disabled
[09/17/2026-17:05:08] [I] Mark Unfused Tensors As Debug Tensors: Disabled
[09/17/2026-17:05:08] [I] Input(s)s format: fp32:CHW
[09/17/2026-17:05:08] [I] Output(s)s format: fp32:CHW
[09/17/2026-17:05:08] [I] Input build shapes: model
[09/17/2026-17:05:08] [I] Input calibration shapes: model
[09/17/2026-17:05:08] [I] === System Options ===
[09/17/2026-17:05:08] [I] Device: 0
[09/17/2026-17:05:08] [I] DLACore:
[09/17/2026-17:05:08] [I] Plugins:
[09/17/2026-17:05:08] [I] setPluginsToSerialize:
[09/17/2026-17:05:08] [I] dynamicPlugins:
[09/17/2026-17:05:08] [I] ignoreParsedPluginLibs: 0
[09/17/2026-17:05:08] [I]
[09/17/2026-17:05:08] [I] === Inference Options ===
[09/17/2026-17:05:08] [I] Batch: Explicit
[09/17/2026-17:05:08] [I] Input inference shapes: model
[09/17/2026-17:05:08] [I] Iterations: 10
[09/17/2026-17:05:08] [I] Duration: 3s (+ 200ms warm up)
[09/17/2026-17:05:08] [I] Sleep time: 0ms
[09/17/2026-17:05:08] [I] Idle time: 0ms
[09/17/2026-17:05:08] [I] Inference Streams: 1
[09/17/2026-17:05:08] [I] ExposeDMA: Disabled
[09/17/2026-17:05:08] [I] Data transfers: Enabled
[09/17/2026-17:05:08] [I] Spin-wait: Disabled
[09/17/2026-17:05:08] [I] Multithreading: Disabled
[09/17/2026-17:05:08] [I] CUDA Graph: Disabled
[09/17/2026-17:05:08] [I] Separate profiling: Disabled
[09/17/2026-17:05:08] [I] Time Deserialize: Disabled
[09/17/2026-17:05:08] [I] Time Refit: Disabled
[09/17/2026-17:05:08] [I] NVTX verbosity: 0
[09/17/2026-17:05:08] [I] Persistent Cache Ratio: 0
[09/17/2026-17:05:08] [I] Optimization Profile Index: 0
[09/17/2026-17:05:08] [I] Weight Streaming Budget: 100.000000%
[09/17/2026-17:05:08] [I] Inputs:
[09/17/2026-17:05:08] [I] Debug Tensor Save Destinations:
[09/17/2026-17:05:08] [I] Dump All Debug Tensor in Formats:
[09/17/2026-17:05:08] [I] === Reporting Options ===
[09/17/2026-17:05:08] [I] Verbose: Disabled
[09/17/2026-17:05:08] [I] Averages: 10 inferences
[09/17/2026-17:05:08] [I] Percentiles: 90,95,99
[09/17/2026-17:05:08] [I] Dump refittable layers:Disabled
[09/17/2026-17:05:08] [I] Dump output: Disabled
[09/17/2026-17:05:08] [I] Profile: Disabled
[09/17/2026-17:05:08] [I] Export timing to JSON file:
[09/17/2026-17:05:08] [I] Export output to JSON file:
[09/17/2026-17:05:08] [I] Export profile to JSON file:
[09/17/2026-17:05:08] [I]
[09/17/2026-17:05:08] [I] === Device Information ===
[09/17/2026-17:05:08] [I] Available Devices:
[09/17/2026-17:05:08] [I]   Device 0: "NVIDIA GeForce RTX 4070 Laptop GPU" UUID: GPU-da0f73cf-7384-3eb6-71a8-cdb8d4ff27e5
[09/17/2026-17:05:08] [I] Selected Device: NVIDIA GeForce RTX 4070 Laptop GPU
[09/17/2026-17:05:08] [I] Selected Device ID: 0
[09/17/2026-17:05:08] [I] Selected Device UUID: GPU-da0f73cf-7384-3eb6-71a8-cdb8d4ff27e5
[09/17/2026-17:05:08] [I] Compute Capability: 8.9
[09/17/2026-17:05:08] [I] SMs: 36
[09/17/2026-17:05:08] [I] Device Global Memory: 7796 MiB
[09/17/2026-17:05:08] [I] Shared Memory per SM: 100 KiB
[09/17/2026-17:05:08] [I] Memory Bus Width: 128 bits (ECC disabled)
[09/17/2026-17:05:08] [I] Application Compute Clock Rate: 2.175 GHz
[09/17/2026-17:05:08] [I] Application Memory Clock Rate: 8.001 GHz
[09/17/2026-17:05:08] [I]
[09/17/2026-17:05:08] [I] Note: The application clock rates do not reflect the actual clock rates that the GPU is currently running at.
[09/17/2026-17:05:08] [I]
[09/17/2026-17:05:08] [I] TensorRT version: 10.13.2
[09/17/2026-17:05:08] [I] Loading standard plugins
[09/17/2026-17:05:09] [I] [TRT] [MemUsageChange] Init CUDA: CPU +0, GPU +0, now: CPU 30, GPU 1054 (MiB)
[09/17/2026-17:05:09] [I] [TRT] [MemUsageChange] Init builder kernel library: CPU +1011, GPU +8, now: CPU 1242, GPU 1062 (MiB)
[09/17/2026-17:05:09] [I] Start parsing network model.
[09/17/2026-17:05:10] [I] [TRT] ----------------------------------------------------------------
[09/17/2026-17:05:10] [I] [TRT] Input filename:   work/megaloc_tensorrt_20260917/megaloc_fp32.onnx
[09/17/2026-17:05:10] [I] [TRT] ONNX IR version:  0.0.8
[09/17/2026-17:05:10] [I] [TRT] Opset version:    17
[09/17/2026-17:05:10] [I] [TRT] Producer name:    pytorch
[09/17/2026-17:05:10] [I] [TRT] Producer version: 2.3.1
[09/17/2026-17:05:10] [I] [TRT] Domain:
[09/17/2026-17:05:10] [I] [TRT] Model version:    0
[09/17/2026-17:05:10] [I] [TRT] Doc string:
[09/17/2026-17:05:10] [I] [TRT] ----------------------------------------------------------------
[09/17/2026-17:05:10] [I] Finished parsing network model. Parse time: 0.772658
[09/17/2026-17:05:10] [I] [TRT] Local timing cache in use. Profiling results in this builder pass will not be stored.
[09/17/2026-17:05:10] [I] [TRT] Compiler backend is used during engine build.
[09/17/2026-17:05:25] [I] [TRT] Detected 1 inputs and 1 output network tensors.
[09/17/2026-17:05:25] [I] [TRT] Total Host Persistent Memory: 21952 bytes
[09/17/2026-17:05:25] [I] [TRT] Total Device Persistent Memory: 2048 bytes
[09/17/2026-17:05:25] [I] [TRT] Max Scratch Memory: 39985664 bytes
[09/17/2026-17:05:25] [I] [TRT] [BlockAssignment] Started assigning block shifts. This will take 12 steps to complete.
[09/17/2026-17:05:25] [I] [TRT] [BlockAssignment] Algorithm ShiftNTopDown took 0.414923ms to assign 6 blocks to 12 nodes requiring 44052480 bytes.
[09/17/2026-17:05:25] [I] [TRT] Total Activation Memory: 44051968 bytes
[09/17/2026-17:05:25] [I] [TRT] Total Weights Memory: 914740224 bytes
[09/17/2026-17:05:25] [I] [TRT] Compiler backend is used during engine execution.
[09/17/2026-17:05:25] [I] [TRT] Engine generation completed in 14.6873 seconds.
[09/17/2026-17:05:25] [I] [TRT] [MemUsageStats] Peak memory usage of TRT CPU/GPU memory allocators: CPU 3 MiB, GPU 872 MiB
[09/17/2026-17:05:26] [I] Created engine with size: 874.915 MiB
[09/17/2026-17:05:26] [I] Engine built in 15.572 sec.
[09/17/2026-17:05:32] [I] [TRT] Loaded engine size: 874 MiB
[09/17/2026-17:05:32] [I] Engine deserialized in 0.386376 sec.
[09/17/2026-17:05:32] [I] Skipped inference phase since --skipInference is added.
&&&& PASSED TensorRT.trtexec [TensorRT v101302] [b6] # /usr/src/tensorrt/bin/trtexec --onnx=work/megaloc_tensorrt_20260917/megaloc_fp32.onnx --saveEngine=work/megaloc_tensorrt_20260917/megaloc_fp32.plan --noTF32 --memPoolSize=workspace:2048 --skipInference
